// Jest Snapshot v1, https://goo.gl/fbAQLP

exports[`Button component Should render button properly 1`] = `
<button
  alt="alt"
  className="button__search"
  onClick={[MockFunction]}
  type="submit"
/>
`;


